[TRACE] syscall: pid=1 nr=12 rip=0xfffffe8a8b
[TRACE] syscall done: pid=1 ret=Ok(269950976)
[TRACE] syscall: pid=1 nr=158 rip=0xfffffdccb4
[TRACE] syscall done: pid=1 ret=Err(-22)
[TRACE] syscall: pid=1 nr=63 rip=0xfffffe9e6b
[TRACE] syscall done: pid=1 ret=Ok(0)
[TRACE] syscall: pid=1 nr=9 rip=0xfffffe9cb7
[TRACE] syscall done: pid=1 ret=Ok(1099500879872)
[TRACE] syscall: pid=1 nr=158 rip=0xfffffe3dff
[TRACE] syscall done: pid=1 ret=Ok(0)
[TRACE] syscall: pid=1 nr=218 rip=0xfffffd813e
[TRACE] syscall done: pid=1 ret=Ok(1000)
[TRACE] syscall: pid=1 nr=273 rip=0xfffffd819a
[TRACE] syscall done: pid=1 ret=Ok(0)
[TRACE] syscall: pid=1 nr=334 rip=0xfffffd81d1
[TRACE] syscall done: pid=1 ret=Err(-38)
[TRACE] syscall: pid=1 nr=257 rip=0xfffffe9b18
[TRACE] syscall done: pid=1 ret=Ok(3)
[TRACE] syscall: pid=1 nr=0 rip=0xfffffe9b68
[TRACE] syscall done: pid=1 ret=Ok(832)
[TRACE] syscall: pid=1 nr=262 rip=0xfffffe98de
[TRACE] syscall done: pid=1 ret=Ok(0)
[TRACE] syscall: pid=1 nr=9 rip=0xfffffe9cb7
[TRACE] syscall done: pid=1 ret=Ok(1099484082176)
[TRACE] syscall: pid=1 nr=9 rip=0xfffffe9cb7
[TRACE] syscall done: pid=1 ret=Ok(1099484086272)
[TRACE] syscall: pid=1 nr=9 rip=0xfffffe9cb7
[TRACE] syscall done: pid=1 ret=Ok(1099484090368)
[TRACE] syscall: pid=1 nr=9 rip=0xfffffe9cb7
[TRACE] syscall done: pid=1 ret=Ok(1099484094464)
[TRACE] syscall: pid=1 nr=3 rip=0xfffffe99db
[TRACE] syscall done: pid=1 ret=Ok(0)
[TRACE] syscall: pid=1 nr=10 rip=0xfffffe9d2b
[TRACE] syscall done: pid=1 ret=Ok(0)
[TRACE] syscall: pid=1 nr=21 rip=0xfffffe99ab
[TRACE] syscall done: pid=1 ret=Err(-2)
[TRACE] syscall: pid=1 nr=257 rip=0xfffffe9b18
[TRACE] syscall done: pid=1 ret=Err(-2)
[TRACE] syscall: pid=1 nr=257 rip=0xfffffe9b18
[TRACE] syscall done: pid=1 ret=Err(-2)
[TRACE] syscall: pid=1 nr=262 rip=0xfffffe98de
[TRACE] syscall done: pid=1 ret=Err(-2)
[TRACE] syscall: pid=1 nr=257 rip=0xfffffe9b18
[TRACE] syscall done: pid=1 ret=Err(-2)
[TRACE] syscall: pid=1 nr=262 rip=0xfffffe98de
[TRACE] syscall done: pid=1 ret=Err(-2)
[TRACE] syscall: pid=1 nr=257 rip=0xfffffe9b18
[TRACE] syscall done: pid=1 ret=Err(-2)
[TRACE] syscall: pid=1 nr=262 rip=0xfffffe98de
[TRACE] syscall done: pid=1 ret=Err(-2)
[TRACE] syscall: pid=1 nr=257 rip=0xfffffe9b18
[TRACE] syscall done: pid=1 ret=Err(-2)
[TRACE] syscall: pid=1 nr=262 rip=0xfffffe98de
[TRACE] syscall done: pid=1 ret=Err(-2)
[TRACE] syscall: pid=1 nr=257 rip=0xfffffe9b18
[TRACE] syscall done: pid=1 ret=Err(-2)
[TRACE] syscall: pid=1 nr=262 rip=0xfffffe98de
[TRACE] syscall done: pid=1 ret=Err(-2)
[TRACE] syscall: pid=1 nr=257 rip=0xfffffe9b18
[TRACE] syscall done: pid=1 ret=Ok(3)
[TRACE] syscall: pid=1 nr=0 rip=0xfffffe9b68
[TRACE] syscall done: pid=1 ret=Ok(832)
[TRACE] syscall: pid=1 nr=262 rip=0xfffffe98de
[TRACE] syscall done: pid=1 ret=Ok(0)
[TRACE] syscall: pid=1 nr=9 rip=0xfffffe9cb7
[TRACE] syscall done: pid=1 ret=Ok(1099467100160)
[TRACE] syscall: pid=1 nr=9 rip=0xfffffe9cb7
[TRACE] syscall done: pid=1 ret=Ok(1099467157504)
[TRACE] syscall: pid=1 nr=9 rip=0xfffffe9cb7
[TRACE] syscall done: pid=1 ret=Ok(1099467227136)
[TRACE] syscall: pid=1 nr=9 rip=0xfffffe9cb7
[TRACE] syscall done: pid=1 ret=Ok(1099467284480)
[TRACE] syscall: pid=1 nr=3 rip=0xfffffe99db
[TRACE] syscall done: pid=1 ret=Ok(0)
[TRACE] syscall: pid=1 nr=257 rip=0xfffe5bc112
[TRACE] syscall done: pid=1 ret=Ok(3)
[TRACE] syscall: pid=1 nr=5 rip=0xfffe5bc112
[TRACE] syscall done: pid=1 ret=Ok(0)
[TRACE] syscall: pid=1 nr=9 rip=0xfffe5bc112
[TRACE] syscall done: pid=1 ret=Ok(1099500875776)
[TRACE] syscall: pid=1 nr=11 rip=0xfffe5bc112
[TRACE] syscall done: pid=1 ret=Ok(0)
[TRACE] syscall: pid=1 nr=9 rip=0xfffe5bc112
[TRACE] syscall done: pid=1 ret=Ok(1099467304960)
[TRACE] syscall: pid=1 nr=10 rip=0xfffe5bc112
[TRACE] syscall done: pid=1 ret=Ok(0)
[TRACE] syscall: pid=1 nr=3 rip=0xfffe5bc112
[TRACE] syscall done: pid=1 ret=Ok(0)
[TRACE] syscall: pid=1 nr=257 rip=0xfffffe9b18
[TRACE] syscall done: pid=1 ret=Ok(3)
[TRACE] syscall: pid=1 nr=0 rip=0xfffffe9b68
[TRACE] syscall done: pid=1 ret=Ok(832)
[TRACE] syscall: pid=1 nr=17 rip=0xfffffe9b9e
[TRACE] syscall done: pid=1 ret=Ok(784)
[TRACE] syscall: pid=1 nr=17 rip=0xfffffe9b9e
[TRACE] syscall done: pid=1 ret=Ok(48)
[TRACE] syscall: pid=1 nr=17 rip=0xfffffe9b9e
[TRACE] syscall done: pid=1 ret=Ok(68)
[TRACE] syscall: pid=1 nr=262 rip=0xfffffe98de
[TRACE] syscall done: pid=1 ret=Ok(0)
[TRACE] syscall: pid=1 nr=17 rip=0xfffffe9b9e
[TRACE] syscall done: pid=1 ret=Ok(784)
[TRACE] syscall: pid=1 nr=9 rip=0xfffffe9cb7
[TRACE] syscall done: pid=1 ret=Ok(1099448057856)
[TRACE] syscall: pid=1 nr=10 rip=0xfffffe9d2b
[TRACE] syscall done: pid=1 ret=Ok(0)
[TRACE] syscall: pid=1 nr=9 rip=0xfffffe9cb7
[TRACE] syscall done: pid=1 ret=Ok(1099448221696)
[TRACE] syscall: pid=1 nr=9 rip=0xfffffe9cb7
[TRACE] syscall done: pid=1 ret=Ok(1099449880576)
[TRACE] syscall: pid=1 nr=9 rip=0xfffffe9cb7
[TRACE] syscall done: pid=1 ret=Ok(1099450245120)
[TRACE] syscall: pid=1 nr=9 rip=0xfffffe9cb7
[TRACE] syscall done: pid=1 ret=Ok(1099450269696)
[TRACE] syscall: pid=1 nr=3 rip=0xfffffe99db
[TRACE] syscall done: pid=1 ret=Ok(0)
[TRACE] syscall: pid=1 nr=257 rip=0xfffe5bc112
[TRACE] syscall done: pid=1 ret=Ok(3)
[TRACE] syscall: pid=1 nr=5 rip=0xfffe5bc112
[TRACE] syscall done: pid=1 ret=Ok(0)
[TRACE] syscall: pid=1 nr=9 rip=0xfffe5bc112
[TRACE] syscall done: pid=1 ret=Ok(3033503170560)
[TRACE] syscall: pid=1 nr=11 rip=0xfffe5bc112
[TRACE] syscall done: pid=1 ret=Ok(0)
[TRACE] syscall: pid=1 nr=9 rip=0xfffe5bc112
[TRACE] syscall done: pid=1 ret=Ok(1099450322944)
[TRACE] syscall: pid=1 nr=10 rip=0xfffe5bc112
[TRACE] syscall done: pid=1 ret=Ok(0)
[TRACE] syscall: pid=1 nr=3 rip=0xfffe5bc112
[TRACE] syscall done: pid=1 ret=Ok(0)
[TRACE] syscall: pid=1 nr=9 rip=0xfffffe9cb7
[TRACE] syscall done: pid=1 ret=Ok(3033503236096)
[TRACE] syscall: pid=1 nr=10 rip=0xfffffe9d2b
[TRACE] syscall done: pid=1 ret=Ok(0)
[TRACE] syscall: pid=1 nr=10 rip=0xfffffe9d2b
[TRACE] syscall done: pid=1 ret=Ok(0)
[TRACE] syscall: pid=1 nr=10 rip=0xfffffe9d2b
[TRACE] syscall done: pid=1 ret=Ok(0)
[TRACE] syscall: pid=1 nr=10 rip=0xfffffe9d2b
[TRACE] syscall done: pid=1 ret=Ok(0)
[TRACE] syscall: pid=1 nr=302 rip=0xfffc47a364
[TRACE] syscall done: pid=1 ret=Ok(0)
[TRACE] syscall: pid=1 nr=257 rip=0xfffc4745bb
[TRACE] syscall done: pid=1 ret=Ok(3)
[TRACE] syscall: pid=1 nr=3 rip=0xfffc474fe7
[TRACE] syscall done: pid=1 ret=Ok(0)
[TRACE] syscall: pid=1 nr=318 rip=0xfffc3a6c87
[TRACE] syscall done: pid=1 ret=Ok(8)
[TRACE] syscall: pid=1 nr=12 rip=0xfffc47a8ab
[TRACE] syscall done: pid=1 ret=Ok(269950976)
[TRACE] syscall: pid=1 nr=12 rip=0xfffc47a8ab
[TRACE] syscall done: pid=1 ret=Ok(270086144)
[TRACE] syscall: pid=1 nr=102 rip=0xfffc44c06b
[TRACE] syscall done: pid=1 ret=Ok(1000)
[TRACE] syscall: pid=1 nr=104 rip=0xfffc44c08b
[TRACE] syscall done: pid=1 ret=Ok(1000)
[TRACE] syscall: pid=1 nr=107 rip=0xfffc44c07b
[TRACE] syscall done: pid=1 ret=Ok(1000)
[TRACE] syscall: pid=1 nr=108 rip=0xfffc44c09b
[TRACE] syscall done: pid=1 ret=Ok(1000)
[TRACE] syscall: pid=1 nr=14 rip=0xfffc3fbc1b
[TRACE] syscall done: pid=1 ret=Ok(0)
[TRACE] syscall: pid=1 nr=96 rip=0xfffc439a90
[TRACE] syscall done: pid=1 ret=Ok(0)
[TRACE] syscall: pid=1 nr=16 rip=0xfffc47a9cf
[TRACE] sys_ioctl: pid=1 fd=-1 arg=Discriminant(11)
[TRACE] syscall done: pid=1 ret=Err(-9)
[TRACE] syscall: pid=1 nr=99 rip=0xfffc486e6b
[TRACE] syscall done: pid=1 ret=Ok(0)
[TRACE] syscall: pid=1 nr=13 rip=0xfffc3a25f3
[TRACE] syscall done: pid=1 ret=Ok(0)
[TRACE] syscall: pid=1 nr=13 rip=0xfffc3a25f3
[TRACE] syscall done: pid=1 ret=Ok(0)
[TRACE] syscall: pid=1 nr=13 rip=0xfffc3a25f3
[TRACE] syscall done: pid=1 ret=Ok(0)
[TRACE] syscall: pid=1 nr=13 rip=0xfffc3a25f3
[TRACE] syscall done: pid=1 ret=Ok(0)
[TRACE] syscall: pid=1 nr=13 rip=0xfffc3a25f3
[TRACE] syscall done: pid=1 ret=Ok(0)
[TRACE] syscall: pid=1 nr=13 rip=0xfffc3a25f3
[TRACE] syscall done: pid=1 ret=Ok(0)
[TRACE] syscall: pid=1 nr=13 rip=0xfffc3a25f3
[TRACE] syscall done: pid=1 ret=Ok(0)
[TRACE] syscall: pid=1 nr=13 rip=0xfffc3a25f3
[TRACE] syscall done: pid=1 ret=Ok(0)
[TRACE] syscall: pid=1 nr=13 rip=0xfffc3a25f3
[TRACE] syscall done: pid=1 ret=Ok(0)
[TRACE] syscall: pid=1 nr=13 rip=0xfffc3a25f3
[TRACE] syscall done: pid=1 ret=Ok(0)
[TRACE] syscall: pid=1 nr=13 rip=0xfffc3a25f3
[TRACE] syscall done: pid=1 ret=Ok(0)
[TRACE] syscall: pid=1 nr=13 rip=0xfffc3a25f3
[TRACE] syscall done: pid=1 ret=Ok(0)
[TRACE] syscall: pid=1 nr=14 rip=0xfffc3fbc1b
[TRACE] syscall done: pid=1 ret=Ok(0)
[TRACE] syscall: pid=1 nr=13 rip=0xfffc3a25f3
[TRACE] syscall done: pid=1 ret=Ok(0)
[TRACE] syscall: pid=1 nr=63 rip=0xfffc44a30b
[TRACE] syscall done: pid=1 ret=Ok(0)
[TRACE] syscall: pid=1 nr=79 rip=0xfffc4752e5
[TRACE] syscall done: pid=1 ret=Ok(2)
[TRACE] syscall: pid=1 nr=39 rip=0xfffc44c04b
[TRACE] syscall done: pid=1 ret=Ok(1000)
[TRACE] syscall: pid=1 nr=110 rip=0xfffc44c05b
[TRACE] syscall done: pid=1 ret=Ok(0)
[TRACE] syscall: pid=1 nr=41 rip=0xfffc487bbb
[TRACE] syscall done: pid=1 ret=Ok(3)
[TRACE] syscall: pid=1 nr=42 rip=0xfffc487577
[TRACE] syscall done: pid=1 ret=Err(-111)
[TRACE] syscall: pid=1 nr=3 rip=0xfffc4798eb
[TRACE] syscall done: pid=1 ret=Ok(0)
[TRACE] syscall: pid=1 nr=41 rip=0xfffc487bbb
[TRACE] syscall done: pid=1 ret=Ok(3)
[TRACE] syscall: pid=1 nr=42 rip=0xfffc487577
[TRACE] syscall done: pid=1 ret=Err(-111)
[TRACE] syscall: pid=1 nr=3 rip=0xfffc4798eb
[TRACE] syscall done: pid=1 ret=Ok(0)
[TRACE] syscall: pid=1 nr=262 rip=0xfffc473dbe
[TRACE] syscall done: pid=1 ret=Err(-2)
[TRACE] syscall: pid=1 nr=262 rip=0xfffc473dbe
[TRACE] syscall done: pid=1 ret=Ok(0)
[TRACE] syscall: pid=1 nr=257 rip=0xfffc479a9c
[TRACE] syscall done: pid=1 ret=Err(-2)
[TRACE] syscall: pid=1 nr=257 rip=0xfffc479a9c
[TRACE] syscall done: pid=1 ret=Err(-2)
[TRACE] syscall: pid=1 nr=96 rip=0xfffc439a90
[TRACE] syscall done: pid=1 ret=Ok(0)
[TRACE] syscall: pid=1 nr=39 rip=0xfffc44c04b
[TRACE] syscall done: pid=1 ret=Ok(1000)
[TRACE] syscall: pid=1 nr=110 rip=0xfffc44c05b
[TRACE] syscall done: pid=1 ret=Ok(0)
[TRACE] syscall: pid=1 nr=96 rip=0xfffc439a90
[TRACE] syscall done: pid=1 ret=Ok(0)
[TRACE] syscall: pid=1 nr=39 rip=0xfffc44c04b
[TRACE] syscall done: pid=1 ret=Ok(1000)
[TRACE] syscall: pid=1 nr=110 rip=0xfffc44c05b
[TRACE] syscall done: pid=1 ret=Ok(0)
[TRACE] syscall: pid=1 nr=111 rip=0xfffc44c33b
[TRACE] syscall done: pid=1 ret=Ok(1)
[TRACE] syscall: pid=1 nr=16 rip=0xfffc47a9cf
[TRACE] sys_ioctl: pid=1 fd=2 arg=Discriminant(11)
[TRACE] syscall done: pid=1 ret=Ok(0)
[TRACE] syscall: pid=1 nr=13 rip=0xfffc3a25f3
[TRACE] syscall done: pid=1 ret=Ok(0)
[TRACE] syscall: pid=1 nr=302 rip=0xfffc47a364
[TRACE] syscall done: pid=1 ret=Ok(0)
[TRACE] syscall: pid=1 nr=14 rip=0xfffc3fbc1b
[TRACE] syscall done: pid=1 ret=Ok(0)
[TRACE] syscall: pid=1 nr=14 rip=0xfffc3fbc1b
[TRACE] syscall done: pid=1 ret=Ok(0)
[TRACE] syscall: pid=1 nr=14 rip=0xfffc3fbc1b
[TRACE] syscall done: pid=1 ret=Ok(0)
[TRACE] syscall: pid=1 nr=293 rip=0xfffc4750fd
[TRACE] syscall done: pid=1 ret=Ok(0)
[TRACE] syscall: pid=1 nr=14 rip=0xfffc3fbc1b
[TRACE] syscall done: pid=1 ret=Ok(0)
[TRACE] syscall: pid=1 nr=14 rip=0xfffc3fbc1b
[TRACE] syscall done: pid=1 ret=Ok(0)
[TRACE] syscall: pid=1 nr=58 rip=0xfffc44abcc
[TRACE] do_fork: parent=1 child=2 exit_signal=17
[TRACE] syscall: pid=2 nr=39 rip=0xfffc44c04b
[TRACE] syscall done: pid=2 ret=Ok(2)
[TRACE] syscall: pid=2 nr=14 rip=0xfffc3fbc1b
[TRACE] syscall done: pid=2 ret=Ok(0)
[TRACE] syscall: pid=2 nr=13 rip=0xfffc3a25f3
[TRACE] syscall done: pid=2 ret=Ok(0)
[TRACE] syscall: pid=2 nr=13 rip=0xfffc3a25f3
[TRACE] syscall done: pid=2 ret=Ok(0)
[TRACE] syscall: pid=2 nr=13 rip=0xfffc3a25f3
[TRACE] syscall done: pid=2 ret=Ok(0)
[TRACE] syscall: pid=2 nr=3 rip=0xfffc474fe7
[TRACE] syscall done: pid=2 ret=Ok(0)
[TRACE] syscall: pid=2 nr=33 rip=0xfffc47509b
[TRACE] syscall done: pid=2 ret=Ok(1)
[TRACE] syscall: pid=2 nr=3 rip=0xfffc474fe7
[TRACE] syscall done: pid=2 ret=Ok(0)
[TRACE] syscall: pid=2 nr=13 rip=0xfffc3a25f3
[TRACE] syscall done: pid=2 ret=Ok(0)
[TRACE] syscall: pid=2 nr=13 rip=0xfffc3a25f3
[TRACE] syscall done: pid=2 ret=Ok(0)
[TRACE] syscall: pid=2 nr=13 rip=0xfffc3a25f3
[TRACE] syscall done: pid=2 ret=Ok(0)
[TRACE] syscall: pid=2 nr=14 rip=0xfffc3fbc1b
[TRACE] syscall done: pid=2 ret=Ok(0)
[TRACE] syscall: pid=2 nr=14 rip=0xfffc3fbc1b
[TRACE] syscall done: pid=2 ret=Ok(0)
[TRACE] syscall: pid=2 nr=13 rip=0xfffc3a25f3
[TRACE] syscall done: pid=2 ret=Ok(0)
[TRACE] syscall: pid=2 nr=13 rip=0xfffc3a25f3
[TRACE] syscall done: pid=2 ret=Ok(0)
[TRACE] syscall: pid=2 nr=262 rip=0xfffc473dbe
[TRACE] syscall done: pid=2 ret=Ok(0)
[TRACE] syscall: pid=2 nr=1 rip=0xfffc474907
[TRACE] syscall done: pid=2 ret=Ok(16)
[TRACE] syscall: pid=2 nr=231 rip=0xfffc589e0f
[TRACE] sys_exit_group: pid=2 status=0
[TRACE] exit_group: pid=2 status=Exit(0) nr_threads=1
[TRACE] syscall done: pid=2 ret=Ok(0)
[TRACE] call_shim: Terminate returned, thread exiting
[TRACE] prepare_for_exit: pid=2 nr_threads=1
[TRACE] prepare_for_exit: pid=2 last thread, closing FDs and exiting process
[TRACE] prepare_for_exit: pid=2 exit_process returned notification=Some((ProcessId(1), 17, ProcessId(2)))
[TRACE] prepare_for_exit: pid=2 queued SIGCHLD for parent pid=1
[TRACE] prepare_for_exit: pid=2 interrupting parent pid=1
[TRACE] syscall done: pid=1 ret=Ok(2)
[TRACE] syscall: pid=1 nr=14 rip=0xfffc3fbc1b
[TRACE] syscall done: pid=1 ret=Ok(0)
[TRACE] syscall: pid=1 nr=3 rip=0xfffc474fe7
[TRACE] syscall done: pid=1 ret=Ok(0)
[TRACE] syscall: pid=1 nr=3 rip=0xfffc474fe7
[TRACE] syscall done: pid=1 ret=Err(-9)
[TRACE] syscall: pid=1 nr=14 rip=0xfffc3fbc1b
[TRACE] syscall done: pid=1 ret=Ok(0)
[TRACE] syscall: pid=1 nr=14 rip=0xfffc3fbc1b
[TRACE] syscall done: pid=1 ret=Ok(0)
[TRACE] syscall: pid=1 nr=58 rip=0xfffc44abcc
[TRACE] do_fork: parent=1 child=3 exit_signal=17
[TRACE] syscall: pid=3 nr=39 rip=0xfffc44c04b
[TRACE] syscall done: pid=3 ret=Ok(3)
[TRACE] syscall: pid=3 nr=14 rip=0xfffc3fbc1b
[TRACE] syscall done: pid=3 ret=Ok(0)
[TRACE] syscall: pid=3 nr=13 rip=0xfffc3a25f3
[TRACE] syscall done: pid=3 ret=Ok(0)
[TRACE] syscall: pid=3 nr=13 rip=0xfffc3a25f3
[TRACE] syscall done: pid=3 ret=Ok(0)
[TRACE] syscall: pid=3 nr=13 rip=0xfffc3a25f3
[TRACE] syscall done: pid=3 ret=Ok(0)
[TRACE] syscall: pid=3 nr=33 rip=0xfffc47509b
[TRACE] syscall done: pid=3 ret=Ok(0)
[TRACE] syscall: pid=3 nr=3 rip=0xfffc474fe7
[TRACE] syscall done: pid=3 ret=Ok(0)
[TRACE] syscall: pid=3 nr=13 rip=0xfffc3a25f3
[TRACE] syscall done: pid=3 ret=Ok(0)
[TRACE] syscall: pid=3 nr=13 rip=0xfffc3a25f3
[TRACE] syscall done: pid=3 ret=Ok(0)
[TRACE] syscall: pid=3 nr=13 rip=0xfffc3a25f3
[TRACE] syscall done: pid=3 ret=Ok(0)
[TRACE] syscall: pid=3 nr=59 rip=0xfffc44b08b
[TRACE] syscall done: pid=3 ret=Ok(0)
[TRACE] syscall: pid=3 nr=12 rip=0x1fffffe8a8b
[TRACE] syscall done: pid=3 ret=Ok(1099780108288)
[TRACE] syscall: pid=3 nr=158 rip=0x1fffffdccb4
[TRACE] syscall done: pid=3 ret=Err(-22)
[TRACE] syscall: pid=3 nr=63 rip=0x1fffffe9e6b
[TRACE] syscall done: pid=3 ret=Ok(0)
[TRACE] syscall: pid=3 nr=9 rip=0x1fffffe9cb7
[TRACE] syscall done: pid=3 ret=Ok(2199012507648)
[TRACE] syscall: pid=3 nr=158 rip=0x1fffffe3dff
[TRACE] syscall done: pid=3 ret=Ok(0)
[TRACE] syscall: pid=3 nr=218 rip=0x1fffffd813e
[TRACE] syscall done: pid=3 ret=Ok(3)
[TRACE] syscall: pid=3 nr=273 rip=0x1fffffd819a
[TRACE] syscall done: pid=3 ret=Ok(0)
[TRACE] syscall: pid=3 nr=334 rip=0x1fffffd81d1
[TRACE] syscall done: pid=3 ret=Err(-38)
[TRACE] syscall: pid=3 nr=257 rip=0x1fffffe9b18
[TRACE] syscall done: pid=3 ret=Ok(3)
[TRACE] syscall: pid=3 nr=0 rip=0x1fffffe9b68
[TRACE] syscall done: pid=3 ret=Ok(832)
[TRACE] syscall: pid=3 nr=262 rip=0x1fffffe98de
[TRACE] syscall done: pid=3 ret=Ok(0)
[TRACE] syscall: pid=3 nr=9 rip=0x1fffffe9cb7
[TRACE] syscall done: pid=3 ret=Ok(2198995709952)
[TRACE] syscall: pid=3 nr=9 rip=0x1fffffe9cb7
[TRACE] syscall done: pid=3 ret=Ok(2198995714048)
[TRACE] syscall: pid=3 nr=9 rip=0x1fffffe9cb7
[TRACE] syscall done: pid=3 ret=Ok(2198995718144)
[TRACE] syscall: pid=3 nr=9 rip=0x1fffffe9cb7
[TRACE] syscall done: pid=3 ret=Ok(2198995722240)
[TRACE] syscall: pid=3 nr=3 rip=0x1fffffe99db
[TRACE] syscall done: pid=3 ret=Ok(0)
[TRACE] syscall: pid=3 nr=10 rip=0x1fffffe9d2b
[TRACE] syscall done: pid=3 ret=Ok(0)
[TRACE] syscall: pid=3 nr=21 rip=0x1fffffe99ab
[TRACE] syscall done: pid=3 ret=Err(-2)
[TRACE] syscall: pid=3 nr=257 rip=0x1fffffe9b18
[TRACE] syscall done: pid=3 ret=Err(-2)
[TRACE] syscall: pid=3 nr=257 rip=0x1fffffe9b18
[TRACE] syscall done: pid=3 ret=Err(-2)
[TRACE] syscall: pid=3 nr=262 rip=0x1fffffe98de
[TRACE] syscall done: pid=3 ret=Err(-2)
[TRACE] syscall: pid=3 nr=257 rip=0x1fffffe9b18
[TRACE] syscall done: pid=3 ret=Err(-2)
[TRACE] syscall: pid=3 nr=262 rip=0x1fffffe98de
[TRACE] syscall done: pid=3 ret=Err(-2)
[TRACE] syscall: pid=3 nr=257 rip=0x1fffffe9b18
[TRACE] syscall done: pid=3 ret=Err(-2)
[TRACE] syscall: pid=3 nr=262 rip=0x1fffffe98de
[TRACE] syscall done: pid=3 ret=Err(-2)
[TRACE] syscall: pid=3 nr=257 rip=0x1fffffe9b18
[TRACE] syscall done: pid=3 ret=Err(-2)
[TRACE] syscall: pid=3 nr=262 rip=0x1fffffe98de
[TRACE] syscall done: pid=3 ret=Err(-2)
[TRACE] syscall: pid=3 nr=257 rip=0x1fffffe9b18
[TRACE] syscall done: pid=3 ret=Err(-2)
[TRACE] syscall: pid=3 nr=262 rip=0x1fffffe98de
[TRACE] syscall done: pid=3 ret=Err(-2)
[TRACE] syscall: pid=3 nr=257 rip=0x1fffffe9b18
[TRACE] syscall done: pid=3 ret=Ok(3)
[TRACE] syscall: pid=3 nr=0 rip=0x1fffffe9b68
[TRACE] syscall done: pid=3 ret=Ok(832)
[TRACE] syscall: pid=3 nr=17 rip=0x1fffffe9b9e
[TRACE] syscall done: pid=3 ret=Ok(784)
[TRACE] syscall: pid=3 nr=17 rip=0x1fffffe9b9e
[TRACE] syscall done: pid=3 ret=Ok(48)
[TRACE] syscall: pid=3 nr=17 rip=0x1fffffe9b9e
[TRACE] syscall done: pid=3 ret=Ok(68)
[TRACE] syscall: pid=3 nr=262 rip=0x1fffffe98de
[TRACE] syscall done: pid=1 ret=Ok(3)
[TRACE] syscall: pid=1 nr=14 rip=0xfffc3fbc1b
[TRACE] syscall done: pid=3 ret=Ok(0)
[TRACE] syscall: pid=3 nr=17 rip=0x1fffffe9b9e
[TRACE] syscall done: pid=1 ret=Ok(0)
[TRACE] syscall: pid=1 nr=3 rip=0xfffc474fe7
[TRACE] syscall done: pid=3 ret=Ok(784)
[TRACE] syscall: pid=3 nr=9 rip=0x1fffffe9cb7
[TRACE] syscall done: pid=1 ret=Ok(0)
[TRACE] syscall: pid=1 nr=14 rip=0xfffc3fbc1b
[TRACE] syscall done: pid=1 ret=Ok(0)
[TRACE] syscall: pid=1 nr=14 rip=0xfffc3fbc1b
[TRACE] syscall done: pid=1 ret=Ok(0)
[TRACE] syscall: pid=1 nr=14 rip=0xfffc3fbc1b
[TRACE] syscall done: pid=1 ret=Ok(0)
[TRACE] syscall: pid=1 nr=13 rip=0xfffc3a25f3
[TRACE] syscall done: pid=1 ret=Ok(0)
[TRACE] syscall: pid=1 nr=61 rip=0xfffc44a3ea
[TRACE] sys_wait4: pid=1 wait_for=-1 options=0x0
[TRACE] sys_wait4 returned: pid=1
[TRACE] sys_wait4: pid=1 reaped child=2 status=0
[TRACE] syscall done: pid=1 ret=Ok(2)
[TRACE] syscall: pid=1 nr=61 rip=0xfffc44a3ea
[TRACE] sys_wait4: pid=1 wait_for=-1 options=0x0
[TRACE] syscall done: pid=3 ret=Ok(2198976667648)
[TRACE] syscall: pid=3 nr=10 rip=0x1fffffe9d2b
[TRACE] syscall done: pid=3 ret=Ok(0)
[TRACE] syscall: pid=3 nr=9 rip=0x1fffffe9cb7
[TRACE] syscall done: pid=3 ret=Ok(2198976831488)
[TRACE] syscall: pid=3 nr=9 rip=0x1fffffe9cb7
[TRACE] syscall done: pid=3 ret=Ok(2198978490368)
[TRACE] syscall: pid=3 nr=9 rip=0x1fffffe9cb7
[TRACE] syscall done: pid=3 ret=Ok(2198978854912)
[TRACE] syscall: pid=3 nr=9 rip=0x1fffffe9cb7
[TRACE] syscall done: pid=3 ret=Ok(2198978879488)
[TRACE] syscall: pid=3 nr=3 rip=0x1fffffe99db
[TRACE] syscall done: pid=3 ret=Ok(0)
[TRACE] syscall: pid=3 nr=257 rip=0x1fffe5bc112
[TRACE] syscall done: pid=3 ret=Ok(3)
[TRACE] syscall: pid=3 nr=5 rip=0x1fffe5bc112
[TRACE] syscall done: pid=3 ret=Ok(0)
[TRACE] syscall: pid=3 nr=9 rip=0x1fffe5bc112
[TRACE] syscall done: pid=3 ret=Ok(2199012503552)
[TRACE] syscall: pid=3 nr=11 rip=0x1fffe5bc112
[TRACE] syscall done: pid=3 ret=Ok(0)
[TRACE] syscall: pid=3 nr=9 rip=0x1fffe5bc112
[TRACE] syscall done: pid=3 ret=Ok(2198978932736)
[TRACE] syscall: pid=3 nr=10 rip=0x1fffe5bc112
[TRACE] syscall done: pid=3 ret=Ok(0)
[TRACE] syscall: pid=3 nr=3 rip=0x1fffe5bc112
[TRACE] syscall done: pid=3 ret=Ok(0)
[TRACE] syscall: pid=3 nr=10 rip=0x1fffffe9d2b
[TRACE] syscall done: pid=3 ret=Ok(0)
[TRACE] syscall: pid=3 nr=10 rip=0x1fffffe9d2b
[TRACE] syscall done: pid=3 ret=Ok(0)
[TRACE] syscall: pid=3 nr=9 rip=0x1fffffe9cb7
[TRACE] syscall done: pid=3 ret=Ok(2199012499456)
[TRACE] syscall: pid=3 nr=10 rip=0x1fffffe9d2b
[TRACE] syscall done: pid=3 ret=Ok(0)
[TRACE] syscall: pid=3 nr=302 rip=0x1fffd4ac364
[TRACE] syscall done: pid=3 ret=Ok(0)
[TRACE] syscall: pid=3 nr=318 rip=0x1fffd3d8c87
[TRACE] syscall done: pid=3 ret=Ok(8)
[TRACE] syscall: pid=3 nr=12 rip=0x1fffd4ac8ab
[TRACE] syscall done: pid=3 ret=Ok(1099780108288)
[TRACE] syscall: pid=3 nr=12 rip=0x1fffd4ac8ab
[TRACE] syscall done: pid=3 ret=Ok(1099780243456)
[TRACE] syscall: pid=3 nr=262 rip=0x1fffd4a5dbe
[TRACE] syscall done: pid=3 ret=Ok(0)
[TRACE] syscall: pid=3 nr=262 rip=0x1fffd4a5dbe
[TRACE] syscall done: pid=3 ret=Ok(0)
[TRACE] syscall: pid=3 nr=221 rip=0x1fffd4aadbe
[TRACE] syscall done: pid=3 ret=Err(-38)
[TRACE] syscall: pid=3 nr=9 rip=0x1fffd4b0aa7
[TRACE] syscall done: pid=3 ret=Ok(2199012360192)
[TRACE] syscall: pid=3 nr=0 rip=0x1fffd5bc23a
[TRACE] syscall done: pid=3 ret=Ok(16)
[TRACE] syscall: pid=3 nr=1 rip=0x1fffd4a6907
[TRACE] syscall done: pid=3 ret=Ok(16)
[TRACE] syscall: pid=3 nr=0 rip=0x1fffd5bc23a
[TRACE] syscall done: pid=3 ret=Ok(0)
[TRACE] syscall: pid=3 nr=11 rip=0x1fffd4b0afb
[TRACE] syscall done: pid=3 ret=Ok(0)
[TRACE] syscall: pid=3 nr=3 rip=0x1fffd4a6fe7
[TRACE] syscall done: pid=3 ret=Ok(0)
[TRACE] syscall: pid=3 nr=3 rip=0x1fffd4ab8eb
[TRACE] syscall done: pid=3 ret=Ok(0)
[TRACE] syscall: pid=3 nr=3 rip=0x1fffd4ab8eb
[TRACE] syscall done: pid=3 ret=Ok(0)
[TRACE] syscall: pid=3 nr=231 rip=0x1fffd5bbe0f
[TRACE] sys_exit_group: pid=3 status=0
[TRACE] exit_group: pid=3 status=Exit(0) nr_threads=1
[TRACE] syscall done: pid=3 ret=Ok(0)
[TRACE] call_shim: Terminate returned, thread exiting
[TRACE] prepare_for_exit: pid=3 nr_threads=1
[TRACE] prepare_for_exit: pid=3 last thread, closing FDs and exiting process
[TRACE] prepare_for_exit: pid=3 exit_process returned notification=Some((ProcessId(1), 17, ProcessId(3)))
[TRACE] sys_wait4 returned: pid=1
[TRACE] sys_wait4: pid=1 reaped child=3 status=0
[TRACE] syscall done: pid=1 ret=Ok(3)
[TRACE] prepare_for_exit: pid=3 queued SIGCHLD for parent pid=1
[TRACE] syscall: pid=1 nr=13 rip=0xfffc3a25f3
[TRACE] syscall done: pid=1 ret=Ok(0)
[TRACE] prepare_for_exit: pid=3 interrupting parent pid=1
[TRACE] syscall: pid=1 nr=16 rip=0xfffc47a9cf
[TRACE] sys_ioctl: pid=1 fd=2 arg=Discriminant(4)
[TRACE] syscall done: pid=1 ret=Ok(0)
[TRACE] syscall: pid=1 nr=16 rip=0xfffc479fca
[TRACE] sys_ioctl: pid=1 fd=1 arg=Discriminant(0)
[TRACE] syscall done: pid=1 ret=Ok(0)
[TRACE] syscall: pid=1 nr=102 rip=0xfffc44c06b
[TRACE] syscall done: pid=1 ret=Ok(1000)
[TRACE] syscall: pid=1 nr=107 rip=0xfffc44c07b
[TRACE] syscall done: pid=1 ret=Ok(1000)
[TRACE] syscall: pid=1 nr=104 rip=0xfffc44c08b
[TRACE] syscall done: pid=1 ret=Ok(1000)
[TRACE] syscall: pid=1 nr=108 rip=0xfffc44c09b
[TRACE] syscall done: pid=1 ret=Ok(1000)
[TRACE] syscall: pid=1 nr=102 rip=0xfffc44c06b
[TRACE] syscall done: pid=1 ret=Ok(1000)
[TRACE] syscall: pid=1 nr=107 rip=0xfffc44c07b
[TRACE] syscall done: pid=1 ret=Ok(1000)
[TRACE] syscall: pid=1 nr=104 rip=0xfffc44c08b
[TRACE] syscall done: pid=1 ret=Ok(1000)
[TRACE] syscall: pid=1 nr=108 rip=0xfffc44c09b
[TRACE] syscall done: pid=1 ret=Ok(1000)
[TRACE] syscall: pid=1 nr=262 rip=0xfffc473dbe
[TRACE] syscall done: pid=1 ret=Err(-2)
[TRACE] syscall: pid=1 nr=262 rip=0xfffc473dbe
[TRACE] syscall done: pid=1 ret=Err(-2)
[TRACE] syscall: pid=1 nr=262 rip=0xfffc473dbe
[TRACE] syscall done: pid=1 ret=Err(-2)
[TRACE] syscall: pid=1 nr=201 rip=0xfffc43997b
[TRACE] syscall done: pid=1 ret=Ok(1773678305)
[TRACE] syscall: pid=1 nr=16 rip=0xfffc47a9cf
[TRACE] sys_ioctl: pid=1 fd=0 arg=Discriminant(4)
[TRACE] syscall done: pid=1 ret=Ok(0)
[TRACE] syscall: pid=1 nr=14 rip=0xfffc3fbc1b
[TRACE] syscall done: pid=1 ret=Ok(0)
[TRACE] syscall: pid=1 nr=3 rip=0xfffc474fe7
[TRACE] syscall done: pid=1 ret=Err(-9)
[TRACE] syscall: pid=1 nr=14 rip=0xfffc3fbc1b
[TRACE] syscall done: pid=1 ret=Ok(0)
[TRACE] syscall: pid=1 nr=61 rip=0xfffc44a3ea
[TRACE] sys_wait4: pid=1 wait_for=-1 options=0x1
[TRACE] sys_wait4 returned: pid=1
[TRACE] syscall done: pid=1 ret=Err(-10)
[TRACE] syscall: pid=1 nr=15 rip=0xfffc3a2529
[TRACE] syscall done: pid=1 ret=Ok(0)
[TRACE] syscall: pid=1 nr=14 rip=0xfffc3fbc1b
[TRACE] syscall done: pid=1 ret=Ok(0)
[TRACE] syscall: pid=1 nr=14 rip=0xfffc3fbc1b
[TRACE] syscall done: pid=1 ret=Ok(0)
[TRACE] syscall: pid=1 nr=231 rip=0xfffc589e0f
[TRACE] sys_exit_group: pid=1 status=0
[TRACE] exit_group: pid=1 status=Exit(0) nr_threads=1
[TRACE] syscall done: pid=1 ret=Ok(0)
[TRACE] call_shim: Terminate returned, thread exiting
[TRACE] prepare_for_exit: pid=1 nr_threads=1
[TRACE] prepare_for_exit: pid=1 last thread, closing FDs and exiting process
[TRACE] prepare_for_exit: pid=1 exit_process returned notification=None
